---
source: crates/celox/tests/basic.rs
expression: output
---
=== Evaluation Flip-Flops (eval_apply_ffs) ===

=== Evaluation Flip-Flops (eval_only_ffs) ===

=== Application Flip-Flops (apply_ffs) ===

=== Evaluation Combinational Logic (eval_comb) ===
Execution Unit 0:
  Entry Block: 0
  Registers:
    r0: logic<1>
    r1: logic<32>
    r2: logic<32>
    r3: logic<32>
    r4: logic<32>
    r5: logic<32>
    r6: logic<32>
    r7: logic<32>
    r8: logic<32>
    r9: bit<64>
    r10: logic<32>
    r11: bit<32>
    r12: logic<32>
    r13: logic<32>
    r14: bit<32>
    r15: logic<32>
    r16: bit<32>
    r17: logic<32>
    r18: bit<64>
    r19: logic<32>
    r20: bit<32>
    r21: logic<32>
    r22: bit<32>
    r23: logic<32>
    r24: bit<64>
    r25: logic<32>
    r26: bit<32>
    r27: logic<32>
  b0:
    r0 = Load(addr=c (region=0), offset=0, bits=1)
    r1 = Load(addr=a (region=0), offset=0, bits=32)
    r2 = Load(addr=b (region=0), offset=0, bits=32)
    r3 = SIRValue(0x0)
    r4 = r3 Sub r0
    r5 = BitNot r4
    r6 = r4 And r1
    r7 = r5 And r2
    r8 = r6 Or r7
    r11 = SIRValue(0xffffffff)
    r12 = r8 And r11
    Store(addr=m (region=0), offset=0, bits=32, src_reg = 12)
    r14 = SIRValue(0x1)
    r15 = r12 Add r14
    r16 = SIRValue(0x2)
    r17 = r15 Or r16
    r20 = SIRValue(0xffffffff)
    r21 = r17 And r20
    Store(addr=y (region=0), offset=0, bits=32, src_reg = 21)
    r22 = SIRValue(0x1)
    r23 = r15 And r22
    r26 = SIRValue(0xffffffff)
    r27 = r23 And r26
    Store(addr=x (region=0), offset=0, bits=32, src_reg = 27)
    Return
